// Jest Snapshot v1, https://goo.gl/fbAQLP

exports[`DetailScreen renders correctly 1`] = `
<RCTScrollView
  style={
    {
      "backgroundColor": "#272b33",
      "flex": 1,
      "paddingHorizontal": 10,
      "paddingVertical": 10,
    }
  }
>
  <View>
    <View
      style={
        {
          "marginTop": 10,
        }
      }
    >
      <View
        style={
          {
            "flex": 1,
            "height": 20,
            "marginTop": 20,
          }
        }
      >
        <View
          accessibilityState={
            {
              "busy": undefined,
              "checked": undefined,
              "disabled": undefined,
              "expanded": undefined,
              "selected": undefined,
            }
          }
          accessibilityValue={
            {
              "max": undefined,
              "min": undefined,
              "now": undefined,
              "text": undefined,
            }
          }
          accessible={true}
          collapsable={false}
          focusable={true}
          onClick={[Function]}
          onResponderGrant={[Function]}
          onResponderMove={[Function]}
          onResponderRelease={[Function]}
          onResponderTerminate={[Function]}
          onResponderTerminationRequest={[Function]}
          onStartShouldSetResponder={[Function]}
          style={
            {
              "opacity": 1,
            }
          }
        >
          <Text
            style={
              {
                "color": "#fcfcfc",
                "fontSize": 18,
                "fontWeight": "bold",
              }
            }
          >
            Back
          </Text>
        </View>
      </View>
      <View
        style={
          {
            "flex": 1,
            "flexDirection": "column",
            "padding": 20,
          }
        }
      >
        <View
          style={
            {
              "alignItems": "center",
              "flex": 5,
              "justifyContent": "center",
            }
          }
        >
          <Image
            source={
              {
                "uri": undefined,
              }
            }
            style={
              {
                "borderRadius": 150,
                "height": 300,
                "width": 300,
              }
            }
          />
        </View>
        <View
          style={
            {
              "backgroundColor": "#fcfcfc",
              "height": 1,
              "marginVertical": 10,
              "width": "100%",
            }
          }
        />
        <View
          style={
            {
              "flex": 7,
              "flexDirection": "column",
            }
          }
        >
          <View
            style={
              {
                "alignContent": "center",
                "flexDirection": "row",
                "marginVertical": 5,
              }
            }
          >
            <Text
              style={
                {
                  "color": "#fcfcfc",
                  "flex": 3,
                  "fontSize": 20,
                  "fontWeight": "bold",
                }
              }
            >
              Name
            </Text>
            <Text
              style={
                {
                  "color": "#fcfcfc",
                  "flex": 0.5,
                  "fontSize": 20,
                  "fontWeight": "bold",
                }
              }
            >
              :
            </Text>
            <Text
              style={
                {
                  "color": "#fcfcfc",
                  "flex": 7,
                  "fontSize": 20,
                }
              }
            />
          </View>
          <View
            style={
              {
                "alignContent": "center",
                "flexDirection": "row",
                "marginVertical": 5,
              }
            }
          >
            <Text
              style={
                {
                  "color": "#fcfcfc",
                  "flex": 3,
                  "fontSize": 20,
                  "fontWeight": "bold",
                }
              }
            >
              Species
            </Text>
            <Text
              style={
                {
                  "color": "#fcfcfc",
                  "flex": 0.5,
                  "fontSize": 20,
                  "fontWeight": "bold",
                }
              }
            >
              :
            </Text>
            <Text
              style={
                {
                  "color": "#fcfcfc",
                  "flex": 7,
                  "fontSize": 20,
                }
              }
            />
          </View>
          <View
            style={
              {
                "alignContent": "center",
                "flexDirection": "row",
                "marginVertical": 5,
              }
            }
          >
            <Text
              style={
                {
                  "color": "#fcfcfc",
                  "flex": 3,
                  "fontSize": 20,
                  "fontWeight": "bold",
                }
              }
            >
              Location
            </Text>
            <Text
              style={
                {
                  "color": "#fcfcfc",
                  "flex": 0.5,
                  "fontSize": 20,
                  "fontWeight": "bold",
                }
              }
            >
              :
            </Text>
            <Text
              style={
                {
                  "color": "#fcfcfc",
                  "flex": 7,
                  "fontSize": 20,
                }
              }
            />
          </View>
          <View
            style={
              {
                "alignContent": "center",
                "flexDirection": "row",
                "marginVertical": 5,
              }
            }
          >
            <Text
              style={
                {
                  "color": "#fcfcfc",
                  "flex": 3,
                  "fontSize": 20,
                  "fontWeight": "bold",
                }
              }
            >
              Origin
            </Text>
            <Text
              style={
                {
                  "color": "#fcfcfc",
                  "flex": 0.5,
                  "fontSize": 20,
                  "fontWeight": "bold",
                }
              }
            >
              :
            </Text>
            <Text
              style={
                {
                  "color": "#fcfcfc",
                  "flex": 7,
                  "fontSize": 20,
                }
              }
            />
          </View>
          <View
            style={
              {
                "alignContent": "center",
                "flexDirection": "row",
                "marginVertical": 5,
              }
            }
          >
            <Text
              style={
                {
                  "color": "#fcfcfc",
                  "flex": 3,
                  "fontSize": 20,
                  "fontWeight": "bold",
                }
              }
            >
              Status
            </Text>
            <Text
              style={
                {
                  "color": "#fcfcfc",
                  "flex": 0.5,
                  "fontSize": 20,
                  "fontWeight": "bold",
                }
              }
            >
              :
            </Text>
            <Text
              style={
                {
                  "color": "#fcfcfc",
                  "flex": 7,
                  "fontSize": 20,
                }
              }
            />
          </View>
          <View
            style={
              {
                "alignContent": "center",
                "flexDirection": "row",
                "marginVertical": 5,
              }
            }
          >
            <Text
              style={
                {
                  "color": "#fcfcfc",
                  "flex": 3,
                  "fontSize": 20,
                  "fontWeight": "bold",
                }
              }
            >
              Episode
            </Text>
            <Text
              style={
                {
                  "color": "#fcfcfc",
                  "flex": 0.5,
                  "fontSize": 20,
                  "fontWeight": "bold",
                }
              }
            >
              :
            </Text>
            <Text
              style={
                {
                  "color": "#fcfcfc",
                  "flex": 7,
                  "fontSize": 20,
                }
              }
            />
          </View>
          <View
            style={
              {
                "marginVertical": 20,
              }
            }
          >
            <View
              style={
                {
                  "alignItems": "center",
                  "backgroundColor": "#3c3e44",
                }
              }
            >
              <Text
                style={
                  {
                    "color": "#fcfcfc",
                    "flex": 1,
                    "fontSize": 20,
                    "fontWeight": "bold",
                    "marginVertical": 5,
                  }
                }
              >
                List of episodes
              </Text>
            </View>
            <ActivityIndicator
              color="#fcfcfc"
              size="large"
              style={
                {
                  "flex": 2,
                  "marginVertical": 10,
                }
              }
            />
          </View>
        </View>
      </View>
    </View>
  </View>
</RCTScrollView>
`;
